// Vitest Snapshot v1

exports[`<SubscriptionRenewed> > renders and matches snapshot 1`] = `
<div>
  <div>
    <h2
      class="title"
    >
      subscription_renewed.title
    </h2>
    <p>
      subscription_renewed.message
    </p>
    <button
      class="button default outlined fullWidth"
    >
      <span>
        subscription_renewed.back_to_profile
      </span>
    </button>
  </div>
</div>
`;
