// Vitest Snapshot v1

exports[`<ConfigSelect> > renders and matches snapshot 1`] = `
<div>
  <div>
    <div
      class="backdrop"
    />
    <div
      class="sidebar"
    >
      <div
        class="heading"
      >
        <div
          aria-label="close_menu"
          class="iconButton"
          role="button"
          tabindex="-1"
        >
          <svg
            aria-hidden="true"
            class="icon"
            focusable="false"
            viewBox="0 0 24 24"
            xmlns="http://www.w3.org/2000/svg"
          >
            <g>
              <path
                d="M19 6.41L17.59 5 12 10.59 6.41 5 5 6.41 10.59 12 5 17.59 6.41 19 12 13.41 17.59 19 19 17.59 13.41 12z"
              />
              <path
                d="M0 0h24v24H0z"
                fill="none"
              />
            </g>
          </svg>
        </div>
      </div>
      <nav
        class="group"
      >
        <div
          class="container"
        >
          <div
            class="container dropdown"
          >
            <label
              class="label"
              for="1235"
            >
              Select config
            </label>
            <div
              class="dropdown"
            >
              <select
                aria-required="true"
                class="select"
                id="1235"
                name="config-select"
              >
                <option
                  class="option"
                  value="Accounts"
                >
                  Accounts
                </option>
                <option
                  class="option"
                  value="Blender"
                >
                  Blender
                </option>
                <option
                  class="option"
                  value="Default"
                >
                  Default
                </option>
                <option
                  class="option"
                  value="No Cleeng"
                >
                  No Cleeng
                </option>
                <option
                  class="option"
                  value="Subscription"
                >
                  Subscription
                </option>
                <option
                  class="option"
                  value="Watchlists"
                >
                  Watchlists
                </option>
              </select>
            </div>
          </div>
        </div>
      </nav>
    </div>
    <div
      aria-label="show-configs-switcher"
      class="iconButton button"
      role="button"
      tabindex="0"
    >
      <svg
        aria-hidden="true"
        class="icon"
        focusable="false"
        viewBox="0 0 24 24"
        xmlns="http://www.w3.org/2000/svg"
      >
        <g>
          <path
            d="m21.49 5.46-3 3-2.97-2.92 3-3A5.7 5.7 0 0 0 16.17 2a5.84 5.84 0 0 0-5.84 5.83 5.77 5.77 0 0 0 .35 2l-7.95 7.9a2.5 2.5 0 0 0 3.54 3.54l7.94-7.95a5.77 5.77 0 0 0 2 .35A5.84 5.84 0 0 0 22 7.83a5.7 5.7 0 0 0-.51-2.37Zm-17 15.31a1.25 1.25 0 1 1 1.25-1.25 1.25 1.25 0 0 1-1.26 1.25Z"
          />
        </g>
      </svg>
    </div>
  </div>
</div>
`;
