// Vitest Snapshot v1

exports[`<DynamicBlur> > renders and matches snapshot 1`] = `
<div>
  <div
    class="BlurBackground"
    style="transition: opacity 1s ease-in-out;"
  />
  <div
    class="BlurBackground"
    style="transition: opacity 1s ease-in-out;"
  />
</div>
`;
