// Vitest Snapshot v1

exports[`<Layout /> > renders layout 1`] = `
<div>
  <div
    class="layout"
  >
    <div
      class="main"
    >
      <header
        class="header static"
      >
        <div
          class="container"
        >
          <div
            class="menu"
          >
            <div
              aria-label="open_menu"
              class="iconButton iconButton"
              role="button"
              tabindex="0"
            >
              <svg
                aria-hidden="true"
                class="icon"
                focusable="false"
                viewBox="0 0 24 24"
                xmlns="http://www.w3.org/2000/svg"
              >
                <g>
                  <path
                    d="M0 0h24v24H0V0z"
                    fill="none"
                  />
                  <path
                    d="M3 18h18v-2H3v2zm0-5h18v-2H3v2zm0-7v2h18V6H3z"
                  />
                </g>
              </svg>
            </div>
          </div>
          <nav
            aria-label="menu"
            class="nav"
          >
            <a
              aria-current="page"
              class="button default text active"
              href="/"
            >
              <span>
                home
              </span>
            </a>
          </nav>
          <div
            class="search"
          />
        </div>
      </header>
      <div
        class="backdrop"
      />
      <div
        class="sidebar"
      >
        <div
          class="heading"
        >
          <div
            aria-label="close_menu"
            class="iconButton"
            role="button"
            tabindex="-1"
          >
            <svg
              aria-hidden="true"
              class="icon"
              focusable="false"
              viewBox="0 0 24 24"
              xmlns="http://www.w3.org/2000/svg"
            >
              <g>
                <path
                  d="M19 6.41L17.59 5 12 10.59 6.41 5 5 6.41 10.59 12 5 17.59 6.41 19 12 13.41 17.59 19 19 17.59 13.41 12z"
                />
                <path
                  d="M0 0h24v24H0z"
                  fill="none"
                />
              </g>
            </svg>
          </div>
        </div>
        <nav
          class="group"
        >
          <a
            aria-current="page"
            aria-label="home"
            class="menuButton active"
            href="/"
            tabindex="-1"
          >
            <span>
              home
            </span>
          </a>
          <hr
            class="divider"
          />
        </nav>
      </div>
    </div>
  </div>
</div>
`;
