// Vitest Snapshot v1

exports[`<SearchBar> > renders and matches snapshot 1`] = `
<div>
  <div
    class="searchBar"
  >
    <svg
      aria-hidden="true"
      class="icon icon"
      focusable="false"
      viewBox="0 0 24 24"
      xmlns="http://www.w3.org/2000/svg"
    >
      <g>
        <path
          d="M15.5 14h-.79l-.28-.27C15.41 12.59 16 11.11 16 9.5 16 5.91 13.09 3 9.5 3S3 5.91 3 9.5 5.91 16 9.5 16c1.61 0 3.09-.59 4.23-1.57l.27.28v.79l5 4.99L20.49 19l-4.99-5zm-6 0C7.01 14 5 11.99 5 9.5S7.01 5 9.5 5 14 7.01 14 9.5 11.99 14 9.5 14z"
        />
      </g>
    </svg>
    <input
      aria-label="search_bar.search_label"
      class="input"
      placeholder="search_bar.search_placeholder"
      type="text"
      value="My search query"
    />
    <div
      aria-label="search_bar.clear_search_label"
      class="iconButton clearButton"
      role="button"
      tabindex="0"
    >
      <svg
        aria-hidden="true"
        class="icon"
        focusable="false"
        viewBox="0 0 18 18"
        xmlns="http://www.w3.org/2000/svg"
      >
        <g>
          <path
            d="M9 1C4.58 1 1 4.58 1 9s3.58 8 8 8 8-3.58 8-8-3.58-8-8-8zm4 10.87L11.87 13 9 10.13 6.13 13 5 11.87 7.87 9 5 6.13 6.13 5 9 7.87 11.87 5 13 6.13 10.13 9 13 11.87z"
          />
        </g>
      </svg>
    </div>
  </div>
</div>
`;
