// Vitest Snapshot v1

exports[`<Dialog> > renders and matches snapshot 1`] = `
<div>
  <div
    open=""
  >
    <div
      class="dialog"
    >
      <div
        aria-label="close_modal"
        class="iconButton modalCloseButton"
        role="button"
        tabindex="0"
      >
        <svg
          aria-hidden="true"
          class="icon"
          focusable="false"
          viewBox="0 0 24 24"
          xmlns="http://www.w3.org/2000/svg"
        >
          <g>
            <path
              d="M19 6.41L17.59 5 12 10.59 6.41 5 5 6.41 10.59 12 5 17.59 6.41 19 12 13.41 17.59 19 19 17.59 13.41 12z"
            />
            <path
              d="M0 0h24v24H0z"
              fill="none"
            />
          </g>
        </svg>
      </div>
      Dialog contents
    </div>
  </div>
</div>
`;
