// Vitest Snapshot v1

exports[`<VideoDetails> > renders and matches snapshot 1`] = `
<div>
  <div
    class="video"
    data-testid="video-details"
  >
    <div
      class="main mainPadding"
    >
      <div
        class="info"
      >
        <h2
          class="title"
        >
          Test video
        </h2>
        <div
          class="metaContainer"
        >
          <div
            class="primaryMetadata"
          >
            Primary metadata string
          </div>
          <div
            class="secondaryMetadata"
          >
            <strong>
              Secondary metadata string
            </strong>
          </div>
        </div>
        <div
          class="collapsibleText"
        >
          <div
            class="textContainer description"
            style="max-height: none;"
          >
            Video description
          </div>
        </div>
        <div
          class="buttonBar"
        >
          <button>
            Start watching
          </button>
          <button>
            play trailer
          </button>
          <button>
            favorite
          </button>
          <button>
            share
          </button>
        </div>
      </div>
      <div
        class="poster fading"
        style="background-image: url(posterimage);"
      />
    </div>
  </div>
</div>
`;
