// Vitest Snapshot v1

exports[`<FormFeedback> > renders and matches snapshot 1`] = `
<div>
  <div
    class="formFeedback error"
  >
    Form feedback
  </div>
</div>
`;
